 Total Nb of available Diagnostics: ndiagt=   193
------------------------------------------------------------------------------------
  Num  |<-Name->|Levs|  mate |<- code ->|<--  Units   -->|<- Tile (max=80c)         
------------------------------------------------------------------------------------
     1 |SDIAG1  |  1 |       |SM      L1|user-defined    |User-Defined   Surface   Diagnostic  #1
     2 |SDIAG2  |  1 |       |SM      L1|user-defined    |User-Defined   Surface   Diagnostic  #2
     3 |SDIAG3  |  1 |       |SM      L1|user-defined    |User-Defined   Surface   Diagnostic  #3
     4 |SDIAG4  |  1 |       |SM      L1|user-defined    |User-Defined   Surface   Diagnostic  #4
     5 |SDIAG5  |  1 |       |SM      L1|user-defined    |User-Defined   Surface   Diagnostic  #5
     6 |SDIAG6  |  1 |       |SM      L1|user-defined    |User-Defined   Surface   Diagnostic  #6
     7 |SDIAG7  |  1 |       |SU      L1|user-defined    |User-Defined U.pt Surface Diagnostic #7
     8 |SDIAG8  |  1 |       |SV      L1|user-defined    |User-Defined V.pt Surface Diagnostic #8
     9 |SDIAG9  |  1 |    10 |UU      L1|user-defined    |User-Defined U.vector Surface Diag.  #9
    10 |SDIAG10 |  1 |     9 |VV      L1|user-defined    |User-Defined V.vector Surface Diag. #10
    11 |UDIAG1  |160 |       |SM      MR|user-defined    |User-Defined Model-Level Diagnostic  #1
    12 |UDIAG2  |160 |       |SM      MR|user-defined    |User-Defined Model-Level Diagnostic  #2
    13 |UDIAG3  |160 |       |SMR     MR|user-defined    |User-Defined Model-Level Diagnostic  #3
    14 |UDIAG4  |160 |       |SMR     MR|user-defined    |User-Defined Model-Level Diagnostic  #4
    15 |UDIAG5  |160 |       |SU      MR|user-defined    |User-Defined U.pt Model-Level Diag.  #5
    16 |UDIAG6  |160 |       |SV      MR|user-defined    |User-Defined V.pt Model-Level Diag.  #6
    17 |UDIAG7  |160 |    18 |UUR     MR|user-defined    |User-Defined U.vector Model-Lev Diag.#7
    18 |UDIAG8  |160 |    17 |VVR     MR|user-defined    |User-Defined V.vector Model-Lev Diag.#8
    19 |UDIAG9  |160 |       |SM      ML|user-defined    |User-Defined Phys-Level  Diagnostic  #9
    20 |UDIAG10 |160 |       |SM      ML|user-defined    |User-Defined Phys-Level  Diagnostic #10
    21 |SDIAGC  |  1 |    22 |SM  C   L1|user-defined    |User-Defined Counted Surface Diagnostic
    22 |SDIAGCC |  1 |       |SM      L1|count           |User-Defined Surface Diagnostic Counter
    23 |ETAN    |  1 |       |SM      M1|m               |Surface Height Anomaly
    24 |ETANSQ  |  1 |       |SM P    M1|m^2             |Square of Surface Height Anomaly
    25 |DETADT2 |  1 |       |SM      M1|m^2/s^2         |Square of Surface Height Anomaly Tendency
    26 |THETA   |160 |       |SMR     MR|degC            |Potential Temperature
    27 |SALT    |160 |       |SMR     MR|g/kg            |Salinity
    28 |RELHUM  |160 |       |SMR     MR|percent         |Relative Humidity
    29 |SALTanom|160 |       |SMR     MR|g/kg            |Salt anomaly (=SALT-35; g/kg)
    30 |UVEL    |160 |    31 |UUR     MR|m/s             |Zonal Component of Velocity (m/s)
    31 |VVEL    |160 |    30 |VVR     MR|m/s             |Meridional Component of Velocity (m/s)
    32 |WVEL    |160 |       |WM      LR|m/s             |Vertical Component of Velocity (r_units/s)
    33 |THETASQ |160 |       |SMRP    MR|degC^2          |Square of Potential Temperature
    34 |SALTSQ  |160 |       |SMRP    MR|(g/kg)^2        |Square of Salinity
    35 |SALTSQan|160 |       |SMRP    MR|(g/kg)^2        |Square of Salt anomaly (=(SALT-35)^2 (g^2/kg^2)
    36 |UVELSQ  |160 |    37 |UURP    MR|m^2/s^2         |Square of Zonal Comp of Velocity (m^2/s^2)
    37 |VVELSQ  |160 |    36 |VVRP    MR|m^2/s^2         |Square of Meridional Comp of Velocity (m^2/s^2)
    38 |WVELSQ  |160 |       |WM P    LR|m^2/s^2         |Square of Vertical Comp of Velocity
    39 |UE_VEL_C|160 |    40 |UMR     MR|m/s             |Eastward Velocity (m/s) (cell center)
    40 |VN_VEL_C|160 |    39 |VMR     MR|m/s             |Northward Velocity (m/s) (cell center)
    41 |UV_VEL_C|160 |    41 |UMR     MR|m^2/s^2         |Product of horizontal Comp of velocity (cell center)
    42 |UV_VEL_Z|160 |    42 |UZR     MR|m^2/s^2         |Meridional Transport of Zonal Momentum (m^2/s^2)
    43 |WU_VEL  |160 |       |WU      LR|m.m/s^2         |Vertical Transport of Zonal Momentum
    44 |WV_VEL  |160 |       |WV      LR|m.m/s^2         |Vertical Transport of Meridional Momentum
    45 |UVELMASS|160 |    46 |UUr     MR|m/s             |Zonal Mass-Weighted Comp of Velocity (m/s)
    46 |VVELMASS|160 |    45 |VVr     MR|m/s             |Meridional Mass-Weighted Comp of Velocity (m/s)
    47 |WVELMASS|160 |       |WM      LR|m/s             |Vertical Mass-Weighted Comp of Velocity
    48 |PhiVEL  |160 |    45 |SMR P   MR|m^2/s           |Horizontal Velocity Potential (m^2/s)
    49 |PsiVEL  |160 |    48 |SZ  P   MR|m.m^2/s         |Horizontal Velocity Stream-Function
    50 |UTHMASS |160 |    51 |UUr     MR|degC.m/s        |Zonal Mass-Weight Transp of Pot Temp
    51 |VTHMASS |160 |    50 |VVr     MR|degC.m/s        |Meridional Mass-Weight Transp of Pot Temp
    52 |WTHMASS |160 |       |WM      LR|degC.m/s        |Vertical Mass-Weight Transp of Pot Temp (K.m/s)
    53 |USLTMASS|160 |    54 |UUr     MR|g/kg.m/s        |Zonal Mass-Weight Transp of Salinity
    54 |VSLTMASS|160 |    53 |VVr     MR|g/kg.m/s        |Meridional Mass-Weight Transp of Salinity
    55 |WSLTMASS|160 |       |WM      LR|g/kg.m/s        |Vertical Mass-Weight Transp of Salinity
    56 |UVELTH  |160 |    57 |UUR     MR|degC.m/s        |Zonal Transport of Pot Temp
    57 |VVELTH  |160 |    56 |VVR     MR|degC.m/s        |Meridional Transport of Pot Temp
    58 |WVELTH  |160 |       |WM      LR|degC.m/s        |Vertical Transport of Pot Temp
    59 |UVELSLT |160 |    60 |UUR     MR|g/kg.m/s        |Zonal Transport of Salinity
    60 |VVELSLT |160 |    59 |VVR     MR|g/kg.m/s        |Meridional Transport of Salinity
    61 |WVELSLT |160 |       |WM      LR|g/kg.m/s        |Vertical Transport of Salinity
    62 |UVELPHI |160 |    63 |UUr     MR|m^3/s^3         |Zonal Mass-Weight Transp of Pressure Pot.(p/rho) Anomaly
    63 |VVELPHI |160 |    62 |VVr     MR|m^3/s^3         |Merid. Mass-Weight Transp of Pressure Pot.(p/rho) Anomaly
    64 |RHOAnoma|160 |       |SMR     MR|kg/m^3          |Density Anomaly (=Rho-rhoConst)
    65 |RHOANOSQ|160 |       |SMRP    MR|kg^2/m^6        |Square of Density Anomaly (=(Rho-rhoConst)^2)
    66 |URHOMASS|160 |    67 |UUr     MR|kg/m^2/s        |Zonal Transport of Density
    67 |VRHOMASS|160 |    66 |VVr     MR|kg/m^2/s        |Meridional Transport of Density
    68 |WRHOMASS|160 |       |WM      LR|kg/m^2/s        |Vertical Transport of Density
    69 |WdRHO_P |160 |       |WM      LR|kg/m^2/s        |Vertical velocity times delta^k(Rho)_at-const-P
    70 |WdRHOdP |160 |       |WM      LR|kg/m^2/s        |Vertical velocity times delta^k(Rho)_at-const-T,S
    71 |PHIHYD  |160 |       |SMR     MR|m^2/s^2         |Hydrostatic Pressure Pot.(p/rho) Anomaly
    72 |PHIHYDSQ|160 |       |SMRP    MR|m^4/s^4         |Square of Hyd. Pressure Pot.(p/rho) Anomaly
    73 |PHIBOT  |  1 |       |SM      M1|m^2/s^2         |Bottom Pressure Pot.(p/rho) Anomaly
    74 |PHIBOTSQ|  1 |       |SM P    M1|m^4/s^4         |Square of Bottom Pressure Pot.(p/rho) Anomaly
    75 |PHI_SURF|  1 |       |SM      M1|m^2/s^2         |Surface Dynamical Pressure Pot.(p/rho)
    76 |MXLDEPTH|  1 |       |SM      M1|m               |Mixed-Layer Depth (>0)
    77 |DRHODR  |160 |       |SM      LR|kg/m^4          |Stratification: d.Sigma/dr (kg/m3/r_unit)
    78 |CONVADJ |160 |       |SMR     LR|fraction        |Convective Adjustment Index [0-1]
    79 |oceTAUX |  1 |    80 |UU      U1|N/m^2           |zonal surface wind stress, >0 increases uVel
    80 |oceTAUY |  1 |    79 |VV      U1|N/m^2           |meridional surf. wind stress, >0 increases vVel
    81 |atmPload|  1 |       |SM      U1|Pa              |Atmospheric pressure loading anomaly (vs surf_pRef)
    82 |sIceLoad|  1 |       |SM      U1|kg/m^2          |sea-ice loading (in Mass of ice+snow / area unit)
    83 |oceFWflx|  1 |       |SM      U1|kg/m^2/s        |net surface Fresh-Water flux into the ocean (+=down), >0 decreases salinity
    84 |oceSflux|  1 |       |SM      U1|g/m^2/s         |net surface Salt flux into the ocean (+=down), >0 increases salinity
    85 |oceQnet |  1 |       |SM      U1|W/m^2           |net surface heat flux into the ocean (+=down), >0 increases theta
    86 |oceQsw  |  1 |       |SM      U1|W/m^2           |net Short-Wave radiation (+=down), >0 increases theta
    87 |oceFreez|  1 |       |SM      U1|W/m^2           |heating from freezing of sea-water (allowFreezing=T)
    88 |TRELAX  |  1 |       |SM      U1|W/m^2           |surface temperature relaxation, >0 increases theta
    89 |SRELAX  |  1 |       |SM      U1|g/m^2/s         |surface salinity relaxation, >0 increases salt
    90 |surForcT|  1 |       |SM      U1|W/m^2           |model surface forcing for Temperature, >0 increases theta
    91 |surForcS|  1 |       |SM      U1|g/m^2/s         |model surface forcing for Salinity, >0 increases salinity
    92 |TFLUX   |  1 |       |SM      U1|W/m^2           |total heat flux (match heat-content variations), >0 increases theta
    93 |SFLUX   |  1 |       |SM      U1|g/m^2/s         |total salt flux (match salt-content variations), >0 increases salt
    94 |RCENTER |160 |       |SM      MR|m               |Cell-Center Height
    95 |RSURF   |  1 |       |SM      M1|m               |Surface Height
    96 |TOTUTEND|160 |    97 |UUR     MR|m/s/day         |Tendency of Zonal Component of Velocity
    97 |TOTVTEND|160 |    96 |VVR     MR|m/s/day         |Tendency of Meridional Component of Velocity
    98 |TOTTTEND|160 |       |SMR     MR|degC/day        |Tendency of Potential Temperature
    99 |TOTSTEND|160 |       |SMR     MR|g/kg/day        |Tendency of Salinity
------------------------------------------------------------------------------------
  Num  |<-Name->|Levs|  mate |<- code ->|<--  Units   -->|<- Tile (max=80c)         
------------------------------------------------------------------------------------
   100 |MoistCor|160 |       |SM      MR|W/m^2           |Heating correction due to moist thermodynamics
   101 |gT_Forc |160 |       |SMR     MR|degC/s          |Potential Temp. forcing tendency
   102 |gS_Forc |160 |       |SMR     MR|g/kg/s          |Salinity forcing tendency
   103 |AB_gT   |160 |       |SMR     MR|degC/s          |Potential Temp. tendency from Adams-Bashforth
   104 |AB_gS   |160 |       |SMR     MR|g/kg/s          |Salinity tendency from Adams-Bashforth
   105 |gTinAB  |160 |       |SMR     MR|degC/s          |Potential Temp. tendency going in Adams-Bashforth
   106 |gSinAB  |160 |       |SMR     MR|g/kg/s          |Salinity tendency going in Adams-Bashforth
   107 |AB_gU   |160 |   108 |UUR     MR|m/s^2           |U momentum tendency from Adams-Bashforth
   108 |AB_gV   |160 |   107 |VVR     MR|m/s^2           |V momentum tendency from Adams-Bashforth
   109 |ADVr_TH |160 |       |WM      LR|degC.m^3/s      |Vertical   Advective Flux of Pot.Temperature
   110 |ADVx_TH |160 |   111 |UU      MR|degC.m^3/s      |Zonal      Advective Flux of Pot.Temperature
   111 |ADVy_TH |160 |   110 |VV      MR|degC.m^3/s      |Meridional Advective Flux of Pot.Temperature
   112 |DFrE_TH |160 |       |WM      LR|degC.m^3/s      |Vertical Diffusive Flux of Pot.Temperature (Explicit part)
   113 |DFxE_TH |160 |   114 |UU      MR|degC.m^3/s      |Zonal      Diffusive Flux of Pot.Temperature
   114 |DFyE_TH |160 |   113 |VV      MR|degC.m^3/s      |Meridional Diffusive Flux of Pot.Temperature
   115 |DFrI_TH |160 |       |WM      LR|degC.m^3/s      |Vertical Diffusive Flux of Pot.Temperature (Implicit part)
   116 |ADVr_SLT|160 |       |WM      LR|g/kg.m^3/s      |Vertical   Advective Flux of Salinity
   117 |ADVx_SLT|160 |   118 |UU      MR|g/kg.m^3/s      |Zonal      Advective Flux of Salinity
   118 |ADVy_SLT|160 |   117 |VV      MR|g/kg.m^3/s      |Meridional Advective Flux of Salinity
   119 |DFrE_SLT|160 |       |WM      LR|g/kg.m^3/s      |Vertical Diffusive Flux of Salinity    (Explicit part)
   120 |DFxE_SLT|160 |   121 |UU      MR|g/kg.m^3/s      |Zonal      Diffusive Flux of Salinity
   121 |DFyE_SLT|160 |   120 |VV      MR|g/kg.m^3/s      |Meridional Diffusive Flux of Salinity
   122 |DFrI_SLT|160 |       |WM      LR|g/kg.m^3/s      |Vertical Diffusive Flux of Salinity    (Implicit part)
   123 |SALTFILL|160 |       |SM      MR|g/kg.m^3/s      |Filling of Negative Values of Salinity
   124 |VISCAHZ |160 |       |SZ      MR|m^2/s           |Harmonic Visc Coefficient (m2/s) (Zeta Pt)
   125 |VISCA4Z |160 |       |SZ      MR|m^4/s           |Biharmonic Visc Coefficient (m4/s) (Zeta Pt)
   126 |VISCAHD |160 |       |SM      MR|m^2/s           |Harmonic Viscosity Coefficient (m2/s) (Div Pt)
   127 |VISCA4D |160 |       |SM      MR|m^4/s           |Biharmonic Viscosity Coefficient (m4/s) (Div Pt)
   128 |VISCAHW |160 |       |WM      LR|m^2/s           |Harmonic Viscosity Coefficient (m2/s) (W Pt)
   129 |VISCA4W |160 |       |WM      LR|m^4/s           |Biharmonic Viscosity Coefficient (m4/s) (W Pt)
   130 |VAHZMAX |160 |       |SZ      MR|m^2/s           |CFL-MAX Harm Visc Coefficient (m2/s) (Zeta Pt)
   131 |VA4ZMAX |160 |       |SZ      MR|m^4/s           |CFL-MAX Biharm Visc Coefficient (m4/s) (Zeta Pt)
   132 |VAHDMAX |160 |       |SM      MR|m^2/s           |CFL-MAX Harm Visc Coefficient (m2/s) (Div Pt)
   133 |VA4DMAX |160 |       |SM      MR|m^4/s           |CFL-MAX Biharm Visc Coefficient (m4/s) (Div Pt)
   134 |VAHZMIN |160 |       |SZ      MR|m^2/s           |RE-MIN Harm Visc Coefficient (m2/s) (Zeta Pt)
   135 |VA4ZMIN |160 |       |SZ      MR|m^4/s           |RE-MIN Biharm Visc Coefficient (m4/s) (Zeta Pt)
   136 |VAHDMIN |160 |       |SM      MR|m^2/s           |RE-MIN Harm Visc Coefficient (m2/s) (Div Pt)
   137 |VA4DMIN |160 |       |SM      MR|m^4/s           |RE-MIN Biharm Visc Coefficient (m4/s) (Div Pt)
   138 |VAHZLTH |160 |       |SZ      MR|m^2/s           |Leith Harm Visc Coefficient (m2/s) (Zeta Pt)
   139 |VA4ZLTH |160 |       |SZ      MR|m^4/s           |Leith Biharm Visc Coefficient (m4/s) (Zeta Pt)
   140 |VAHDLTH |160 |       |SM      MR|m^2/s           |Leith Harm Visc Coefficient (m2/s) (Div Pt)
   141 |VA4DLTH |160 |       |SM      MR|m^4/s           |Leith Biharm Visc Coefficient (m4/s) (Div Pt)
   142 |VAHZLTHD|160 |       |SZ      MR|m^2/s           |LeithD Harm Visc Coefficient (m2/s) (Zeta Pt)
   143 |VA4ZLTHD|160 |       |SZ      MR|m^4/s           |LeithD Biharm Visc Coefficient (m4/s) (Zeta Pt)
   144 |VAHDLTHD|160 |       |SM      MR|m^2/s           |LeithD Harm Visc Coefficient (m2/s) (Div Pt)
   145 |VA4DLTHD|160 |       |SM      MR|m^4/s           |LeithD Biharm Visc Coefficient (m4/s) (Div Pt)
   146 |VAHZSMAG|160 |       |SZ      MR|m^2/s           |Smagorinsky Harm Visc Coefficient (m2/s) (Zeta Pt)
   147 |VA4ZSMAG|160 |       |SZ      MR|m^4/s           |Smagorinsky Biharm Visc Coeff. (m4/s) (Zeta Pt)
   148 |VAHDSMAG|160 |       |SM      MR|m^2/s           |Smagorinsky Harm Visc Coefficient (m2/s) (Div Pt)
   149 |VA4DSMAG|160 |       |SM      MR|m^4/s           |Smagorinsky Biharm Visc Coeff. (m4/s) (Div Pt)
   150 |momKE   |160 |       |SMR     MR|m^2/s^2         |Kinetic Energy (in momentum Eq.)
   151 |momHDiv |160 |       |SMR     MR|s^-1            |Horizontal Divergence (in momentum Eq.)
   152 |momVort3|160 |       |SZR     MR|s^-1            |3rd component (vertical) of Vorticity
   153 |Strain  |160 |       |SZR     MR|s^-1            |Horizontal Strain of Horizontal Velocities
   154 |Tension |160 |       |SMR     MR|s^-1            |Horizontal Tension of Horizontal Velocities
   155 |Stretch |160 |       |SM      MR|s^-1            |Vortex stretching from QG Leith dynamic viscosity
   156 |USidDrag|160 |   157 |UUR     MR|m/s^2           |U momentum tendency from Side Drag
   157 |VSidDrag|160 |   156 |VVR     MR|m/s^2           |V momentum tendency from Side Drag
   158 |Um_Diss |160 |   159 |UUR     MR|m/s^2           |U momentum tendency from Dissipation (Explicit part)
   159 |Vm_Diss |160 |   158 |VVR     MR|m/s^2           |V momentum tendency from Dissipation (Explicit part)
   160 |Um_ImplD|160 |   161 |UUR     MR|m/s^2           |U momentum tendency from Dissipation (Implicit part)
   161 |Vm_ImplD|160 |   160 |VVR     MR|m/s^2           |V momentum tendency from Dissipation (Implicit part)
   162 |Um_Advec|160 |   163 |UUR     MR|m/s^2           |U momentum tendency from Advection terms
   163 |Vm_Advec|160 |   162 |VVR     MR|m/s^2           |V momentum tendency from Advection terms
   164 |Um_Cori |160 |   165 |UUR     MR|m/s^2           |U momentum tendency from Coriolis term
   165 |Vm_Cori |160 |   164 |VVR     MR|m/s^2           |V momentum tendency from Coriolis term
   166 |Um_dPhiX|160 |   167 |UUR     MR|m/s^2           |U momentum tendency from Pressure/Potential grad
   167 |Vm_dPhiY|160 |   166 |VVR     MR|m/s^2           |V momentum tendency from Pressure/Potential grad
   168 |Um_Ext  |160 |   169 |UUR     MR|m/s^2           |U momentum tendency from external forcing
   169 |Vm_Ext  |160 |   168 |VVR     MR|m/s^2           |V momentum tendency from external forcing
   170 |Um_hDis2|160 |   171 |UUR     MR|m/s^2           |U momentum tendency from harmonic visc alone
   171 |Vm_hDis2|160 |   170 |VVR     MR|m/s^2           |V momentum tendency from harmonic visc alone
   172 |Um_hDis4|160 |   173 |UUR     MR|m/s^2           |U momentum tendency from biharmonic visc alone
   173 |Vm_hDis4|160 |   172 |VVR     MR|m/s^2           |V momentum tendency from biharmonic visc alone
   174 |Um_AdvZ3|160 |   175 |UUR     MR|m/s^2           |U momentum tendency from Vorticity Advection
   175 |Vm_AdvZ3|160 |   174 |VVR     MR|m/s^2           |V momentum tendency from Vorticity Advection
   176 |Um_AdvRe|160 |   177 |UUR     MR|m/s^2           |U momentum tendency from vertical Advection (Explicit part)
   177 |Vm_AdvRe|160 |   176 |VVR     MR|m/s^2           |V momentum tendency from vertical Advection (Explicit part)
   178 |botTauX |  1 |   179 |UU      U1|N/m^2           |zonal bottom stress, >0 increases uVel
   179 |botTauY |  1 |   178 |VV      U1|N/m^2           |meridional bottom stress, >0 increases vVel
   180 |ADVx_Um |160 |   181 |UM      MR|m^4/s^2         |Zonal      Advective Flux of U momentum
   181 |ADVy_Um |160 |   180 |VZ      MR|m^4/s^2         |Meridional Advective Flux of U momentum
   182 |ADVrE_Um|160 |       |WU      LR|m^4/s^2         |Vertical   Advective Flux of U momentum (Explicit part)
   183 |ADVx_Vm |160 |   184 |UZ      MR|m^4/s^2         |Zonal      Advective Flux of V momentum
   184 |ADVy_Vm |160 |   183 |VM      MR|m^4/s^2         |Meridional Advective Flux of V momentum
   185 |ADVrE_Vm|160 |       |WV      LR|m^4/s^2         |Vertical   Advective Flux of V momentum (Explicit part)
   186 |VISCx_Um|160 |   187 |UM      MR|m^4/s^2         |Zonal      Viscous Flux of U momentum
   187 |VISCy_Um|160 |   186 |VZ      MR|m^4/s^2         |Meridional Viscous Flux of U momentum
   188 |VISrE_Um|160 |       |WU      LR|m^4/s^2         |Vertical   Viscous Flux of U momentum (Explicit part)
   189 |VISrI_Um|160 |       |WU      LR|m^4/s^2         |Vertical   Viscous Flux of U momentum (Implicit part)
   190 |VISCx_Vm|160 |   191 |UZ      MR|m^4/s^2         |Zonal      Viscous Flux of V momentum
   191 |VISCy_Vm|160 |   190 |VM      MR|m^4/s^2         |Meridional Viscous Flux of V momentum
   192 |VISrE_Vm|160 |       |WV      LR|m^4/s^2         |Vertical   Viscous Flux of V momentum (Explicit part)
   193 |VISrI_Vm|160 |       |WV      LR|m^4/s^2         |Vertical   Viscous Flux of V momentum (Implicit part)
------------------------------------------------------------------------------------
  Num  |<-Name->|Levs|  mate |<- code ->|<--  Units   -->|<- Tile (max=80c)         
------------------------------------------------------------------------------------
